1.  git --version // git version 2.19.1.windows.1
2.  git config user.name // 'name'
    git config user.email // 'email'
3.  when we work on project:
      modified (M) -> changed files; not committed
      staging (S) -> add any changed file to staging that you want to committed
      committed (C) -> 
4.  git init // initialized empty Git repository in the current path -> H:\Python\Python_KnBase\.git
    by default branch - master is created
5.  git status // shows the current file status -> A (files added to Staging), U (untracked files, not added)  
6.  git add <file> // adds that file to the Staging Area
                   // also to update what will be committed
    git add . // adds all files to the Staging Area
7.  git rm --cached <file> // to unstage
8.  git checkout <file> // to discard changes in working directory (of a file in the Staging Area)   
9.  git commit -m "message" // to commit
                            // H:\Python\Python_KnBase>git commit -m "initial commit"
                            // [master (root-commit) 5ee7db0] initial commit
                            // 2 files changed, 48 insertions(+)
                            // create mode 100644 Git_KnBase.txt
                            // create mode 100644 Python_KnBase.txt 
10. git log // full description of all Committ History
            // commit 5ee7db0ad1ee15ab8a8d672162f1b0c6e5a04ca1 (HEAD -> master)
            // Author: Taras Kiritchenko <taras.kiritchenko@gmail.com>
            // Date:   Sun Oct 11 19:08:07 2020 +0300
            // initial commit
11. git log --oneline // shorter version of git log            
                      // 5ee7db0 (HEAD -> master) initial commit
12. Undoing Things:
        checkout commit -> least dangerous
        revert commit -> 
        reset commit -> most dangerous
13. git checkout 4679b55 // Head is now at 4679b55 (Commit ID)   
14. git revert <commit ID>
15. git reset <commit ID> // deletes all commits after this but preserves the code in the Editor
16. git reset <commit ID> --hard // no changes preserved

17. git branch <branch_name> // creates new branch
18. git branch -a // shows all the branches
                  //
19. git checkout <branch_name> // switched to branch <branch_name>    
    git checkout master // switched to branch master
20. git branch -D <branch_name> // deletes the branch  (when it is not merged yet) 
    git branch -d <branch_name> // deletes merged branch
                                // H:\Python\Python_KnBase>git branch -d python_basic
                                // Deleted branch python_basic (was 9e40d34). 
21. Merging Branches -> you have to be on the branch that you want to merge into (i.e. master)
22. git merge <branch_name> // 
                            // H:\Python\Python_KnBase>git merge python_basic
                            // Updating 6f74bf5..9e40d34
                            // Fast-forward
                            // Git_KnBase.txt          |  5 ++++-
                            // Python_Advanced.txt     |  0
                            // Python_Basic.txt        | 20 ++++++++++++++++++++
                            // Python_Intermediate.txt |  0
                            // 4 files changed, 24 insertions(+), 1 deletion(-)
                            // create mode 100644 Python_Advanced.txt
                            // create mode 100644 Python_Intermediate.txt
23. Merging possibilities -> merge made by the 'recursive' strategy (after fast-forward to merge one branch,
                             new features from the second branch are added recursively) 
24. Conflicts ->
25. GitHub ->
          option 1 -> you're midway through the Project locally; create remote repo on GitHub; push your Project
          option 2 -> no Project yet; create new repo on GitHub; clone it locally (better way)   
26. git push <repo URL on GitHub> <branch_name> ->    
        // H:\Python\Python_KnBase>git push https://github.com/taras9562979/Python_KnBase.git master
        // Enumerating objects: 35, done.
        // Counting objects: 100% (35/35), done.
        // Delta compression using up to 8 threads
        // Compressing objects: 100% (34/34), done.
        // Writing objects: 100% (35/35), 5.60 KiB | 1.40 MiB/s, done.
        // Total 35 (delta 16), reused 0 (delta 0)
        // remote: Resolving deltas: 100% (16/16), done.
        // To https://github.com/taras9562979/Python_KnBase.git
        // * [new branch]      master -> master   
27.                                                                  